// Jest Snapshot v1, https://goo.gl/fbAQLP

exports[`renders navigation component 1`] = `
<DocumentFragment>
  <div
    class="container "
  >
    <div
      class="wrapper"
    >
      <div
        class="logoWrapper"
      >
        <p
          class="logo"
        >
          DudeShape
        </p>
      </div>
      <div
        class="navWrapper"
      >
        <nav>
          <ul
            class="list"
          >
            <li
              class="listItem"
            >
              <a
                aria-current="page"
                class="active"
                href="/"
              >
                Home
              </a>
            </li>
            <li
              class="listItem"
            >
              <a
                class="item"
                href="/about"
              >
                About
              </a>
            </li>
            <li
              class="listItem"
            >
              <a
                class="item"
                href="/features"
              >
                Features
              </a>
            </li>
            <li
              class="listItem"
            >
              <a
                class="item"
                href="/contact"
              >
                Contact
              </a>
            </li>
          </ul>
        </nav>
        <div
          class="container"
        >
          <div
            class="favoriteWrapper"
          >
            <svg
              class="favoriteIcon"
            >
              heart.svg
            </svg>
            <p
              class="favoriteText"
            />
          </div>
          <button
            class="btn"
            type="button"
          >
            <svg
              class="icon"
            >
              searchIcon.svg
            </svg>
          </button>
          <button
            class="btn"
            type="button"
          >
            <svg
              class="icon"
            >
              menu.svg
            </svg>
          </button>
        </div>
      </div>
    </div>
  </div>
</DocumentFragment>
`;
