// Jest Snapshot v1, https://goo.gl/fbAQLP

exports[`render feedback form component 1`] = `
<DocumentFragment>
  <form
    class="form"
  >
    <label
      class="label"
    >
      First name
      <input
        class="input"
        minlength="1"
        name="firstName"
        placeholder="enter your first name"
        required=""
        type="text"
        value=""
      />
    </label>
    <label
      class="label"
    >
      Last name
      <input
        class="input"
        minlength="2"
        name="lastName"
        placeholder="enter your last name"
        required=""
        type="text"
        value=""
      />
    </label>
    <label
      class="label"
    >
      Phone
      <div
        class=" react-tel-input "
      >
        <div
          class="special-label"
        >
          Phone
        </div>
        <input
          class="form-control phoneInput"
          name="phone"
          placeholder="+380 (93) 321 23"
          style="width: 100%;"
          type="tel"
          value=""
        />
        <div
          class="flag-dropdown dropdownBtn"
        >
          <div
            aria-haspopup="listbox"
            class="selected-flag"
            role="button"
            tabindex="0"
            title=""
          >
            <div
              class="flag 0"
            >
              <div
                class="arrow"
              />
            </div>
          </div>
        </div>
      </div>
    </label>
    <label
      class="label"
    >
      Email
      <input
        class="input"
        name="email"
        placeholder="email"
        required=""
        type="email"
        value=""
      />
    </label>
    <label
      class="label"
    >
      Feedback
      <textarea
        class="input"
        maxlength="150"
        minlength="100"
        name="feedback"
        placeholder="feedback text"
        required=""
        rows="6"
      />
    </label>
    <label
      class="ratingLabel"
    >
      <div
        class="ratingWrapper"
      >
        <div
          class="starsWrapper"
        >
          <svg
            class="icon"
            fill="none"
          >
            star.svg
          </svg>
          <svg
            class="icon"
            fill="none"
          >
            star.svg
          </svg>
          <svg
            class="icon"
            fill="none"
          >
            star.svg
          </svg>
          <svg
            class="icon"
            fill="none"
          >
            star.svg
          </svg>
          <svg
            class="icon"
            fill="none"
          >
            star.svg
          </svg>
        </div>
        <div
          class="starsActiveWrapper"
          style="width: 0%;"
        >
          <div
            style="display: flex;"
          >
            <svg
              class="activeIcon"
              fill="orange"
            >
              star.svg
            </svg>
            <svg
              class="activeIcon"
              fill="orange"
            >
              star.svg
            </svg>
            <svg
              class="activeIcon"
              fill="orange"
            >
              star.svg
            </svg>
            <svg
              class="activeIcon"
              fill="orange"
            >
              star.svg
            </svg>
            <svg
              class="activeIcon"
              fill="orange"
            >
              star.svg
            </svg>
          </div>
        </div>
      </div>
      <p>
        0
      </p>
    </label>
    <label
      class="label"
    >
      Department
      <select
        class="select"
        name="department"
      >
        <option
          value="value1"
        >
          Sales
        </option>
        <option
          value="value2"
        >
          Delivery
        </option>
        <option
          value="value3"
        >
          Support
        </option>
      </select>
    </label>
    <div
      class="wrapper"
    >
      <label>
        - permission to process personal data
      </label>
      <input
        name="permission"
        required=""
        type="checkbox"
      />
    </div>
    <button
      class="btn"
      type="submit"
    >
      Send feedback
    </button>
  </form>
</DocumentFragment>
`;
