// Jest Snapshot v1, https://goo.gl/fbAQLP

exports[`render product item 1`] = `
<DocumentFragment>
  <div
    class="container "
  >
    <div
      class="wrapper"
    >
      <h2
        class="title"
      >
        Our Popular Furniture
      </h2>
      <p
        class="text"
      >
        All of our furniture uses the best materials and choices for our customers. All of our furniture uses the best materials and choices for our customers.
      </p>
      <div
        class="wrapper"
      >
        <div
          class="carousel"
        >
          <div
            class="inner"
            style="transform: translateX(-0%);"
          >
            <div
              class="carouselItem"
              style="width: 380px;"
            >
              <div
                class="listItem"
              >
                <div
                  class="thumb"
                >
                  <img
                    alt="White Swan Chair"
                    src="http://localhost:8080/images/furniture/chair.jpg"
                    title="White Swan Chair"
                  />
                </div>
                <div
                  class="content"
                >
                  <div
                    class="textWrapper"
                  >
                    <p
                      class="text"
                    >
                      White Swan Chair
                    </p>
                    <div
                      class="btnWrapper"
                    >
                      <label
                        class="label"
                      >
                        <input
                          class="checkbox"
                          type="checkbox"
                        />
                        <svg
                          class=""
                        >
                          heart.svg
                        </svg>
                      </label>
                      <button
                        class="btn"
                        type="button"
                      >
                        <svg
                          class="icon"
                        >
                          share.svg
                        </svg>
                      </button>
                    </div>
                  </div>
                  <div
                    class="container"
                  >
                    <p
                      class="price"
                    >
                      $40
                    </p>
                    <button
                      class="btn"
                      type="button"
                    >
                      Buy Now
                    </button>
                  </div>
                </div>
              </div>
            </div>
            <div
              class="carouselItem"
              style="width: 380px;"
            >
              <div
                class="listItem"
              >
                <div
                  class="thumb"
                >
                  <img
                    alt="White Swan Table"
                    src="http://localhost:8080/images/furniture/table.jpg"
                    title="White Swan Table"
                  />
                </div>
                <div
                  class="content"
                >
                  <div
                    class="textWrapper"
                  >
                    <p
                      class="text"
                    >
                      White Swan Table
                    </p>
                    <div
                      class="btnWrapper"
                    >
                      <label
                        class="label"
                      >
                        <input
                          class="checkbox"
                          type="checkbox"
                        />
                        <svg
                          class=""
                        >
                          heart.svg
                        </svg>
                      </label>
                      <button
                        class="btn"
                        type="button"
                      >
                        <svg
                          class="icon"
                        >
                          share.svg
                        </svg>
                      </button>
                    </div>
                  </div>
                  <div
                    class="container"
                  >
                    <p
                      class="price"
                    >
                      $40
                    </p>
                    <button
                      class="btn"
                      type="button"
                    >
                      Buy Now
                    </button>
                  </div>
                </div>
              </div>
            </div>
            <div
              class="carouselItem"
              style="width: 380px;"
            >
              <div
                class="listItem"
              >
                <div
                  class="thumb"
                >
                  <img
                    alt="White Swan Sofa"
                    src="http://localhost:8080/images/furniture/sofa.jpg"
                    title="White Swan Sofa"
                  />
                </div>
                <div
                  class="content"
                >
                  <div
                    class="textWrapper"
                  >
                    <p
                      class="text"
                    >
                      White Swan Sofa
                    </p>
                    <div
                      class="btnWrapper"
                    >
                      <label
                        class="label"
                      >
                        <input
                          class="checkbox"
                          type="checkbox"
                        />
                        <svg
                          class=""
                        >
                          heart.svg
                        </svg>
                      </label>
                      <button
                        class="btn"
                        type="button"
                      >
                        <svg
                          class="icon"
                        >
                          share.svg
                        </svg>
                      </button>
                    </div>
                  </div>
                  <div
                    class="container"
                  >
                    <p
                      class="price"
                    >
                      $40
                    </p>
                    <button
                      class="btn"
                      type="button"
                    >
                      Buy Now
                    </button>
                  </div>
                </div>
              </div>
            </div>
            <div
              class="carouselItem"
              style="width: 380px;"
            >
              <div
                class="listItem"
              >
                <div
                  class="thumb"
                >
                  <img
                    alt="White Swan Chair"
                    src="http://localhost:8080/images/furniture/chair.jpg"
                    title="White Swan Chair"
                  />
                </div>
                <div
                  class="content"
                >
                  <div
                    class="textWrapper"
                  >
                    <p
                      class="text"
                    >
                      White Swan Chair
                    </p>
                    <div
                      class="btnWrapper"
                    >
                      <label
                        class="label"
                      >
                        <input
                          class="checkbox"
                          type="checkbox"
                        />
                        <svg
                          class=""
                        >
                          heart.svg
                        </svg>
                      </label>
                      <button
                        class="btn"
                        type="button"
                      >
                        <svg
                          class="icon"
                        >
                          share.svg
                        </svg>
                      </button>
                    </div>
                  </div>
                  <div
                    class="container"
                  >
                    <p
                      class="price"
                    >
                      $40
                    </p>
                    <button
                      class="btn"
                      type="button"
                    >
                      Buy Now
                    </button>
                  </div>
                </div>
              </div>
            </div>
            <div
              class="carouselItem"
              style="width: 380px;"
            >
              <div
                class="listItem"
              >
                <div
                  class="thumb"
                >
                  <img
                    alt="White Swan Table"
                    src="http://localhost:8080/images/furniture/table.jpg"
                    title="White Swan Table"
                  />
                </div>
                <div
                  class="content"
                >
                  <div
                    class="textWrapper"
                  >
                    <p
                      class="text"
                    >
                      White Swan Table
                    </p>
                    <div
                      class="btnWrapper"
                    >
                      <label
                        class="label"
                      >
                        <input
                          class="checkbox"
                          type="checkbox"
                        />
                        <svg
                          class=""
                        >
                          heart.svg
                        </svg>
                      </label>
                      <button
                        class="btn"
                        type="button"
                      >
                        <svg
                          class="icon"
                        >
                          share.svg
                        </svg>
                      </button>
                    </div>
                  </div>
                  <div
                    class="container"
                  >
                    <p
                      class="price"
                    >
                      $40
                    </p>
                    <button
                      class="btn"
                      type="button"
                    >
                      Buy Now
                    </button>
                  </div>
                </div>
              </div>
            </div>
            <div
              class="carouselItem"
              style="width: 380px;"
            >
              <div
                class="listItem"
              >
                <div
                  class="thumb"
                >
                  <img
                    alt="White Swan Sofa"
                    src="http://localhost:8080/images/furniture/sofa.jpg"
                    title="White Swan Sofa"
                  />
                </div>
                <div
                  class="content"
                >
                  <div
                    class="textWrapper"
                  >
                    <p
                      class="text"
                    >
                      White Swan Sofa
                    </p>
                    <div
                      class="btnWrapper"
                    >
                      <label
                        class="label"
                      >
                        <input
                          class="checkbox"
                          type="checkbox"
                        />
                        <svg
                          class=""
                        >
                          heart.svg
                        </svg>
                      </label>
                      <button
                        class="btn"
                        type="button"
                      >
                        <svg
                          class="icon"
                        >
                          share.svg
                        </svg>
                      </button>
                    </div>
                  </div>
                  <div
                    class="container"
                  >
                    <p
                      class="price"
                    >
                      $40
                    </p>
                    <button
                      class="btn"
                      type="button"
                    >
                      Buy Now
                    </button>
                  </div>
                </div>
              </div>
            </div>
            <div
              class="carouselItem"
              style="width: 380px;"
            >
              <div
                class="listItem"
              >
                <div
                  class="thumb"
                >
                  <img
                    alt="White Swan Chair"
                    src="http://localhost:8080/images/furniture/chair.jpg"
                    title="White Swan Chair"
                  />
                </div>
                <div
                  class="content"
                >
                  <div
                    class="textWrapper"
                  >
                    <p
                      class="text"
                    >
                      White Swan Chair
                    </p>
                    <div
                      class="btnWrapper"
                    >
                      <label
                        class="label"
                      >
                        <input
                          class="checkbox"
                          type="checkbox"
                        />
                        <svg
                          class=""
                        >
                          heart.svg
                        </svg>
                      </label>
                      <button
                        class="btn"
                        type="button"
                      >
                        <svg
                          class="icon"
                        >
                          share.svg
                        </svg>
                      </button>
                    </div>
                  </div>
                  <div
                    class="container"
                  >
                    <p
                      class="price"
                    >
                      $40
                    </p>
                    <button
                      class="btn"
                      type="button"
                    >
                      Buy Now
                    </button>
                  </div>
                </div>
              </div>
            </div>
            <div
              class="carouselItem"
              style="width: 380px;"
            >
              <div
                class="listItem"
              >
                <div
                  class="thumb"
                >
                  <img
                    alt="White Swan Table"
                    src="http://localhost:8080/images/furniture/table.jpg"
                    title="White Swan Table"
                  />
                </div>
                <div
                  class="content"
                >
                  <div
                    class="textWrapper"
                  >
                    <p
                      class="text"
                    >
                      White Swan Table
                    </p>
                    <div
                      class="btnWrapper"
                    >
                      <label
                        class="label"
                      >
                        <input
                          class="checkbox"
                          type="checkbox"
                        />
                        <svg
                          class=""
                        >
                          heart.svg
                        </svg>
                      </label>
                      <button
                        class="btn"
                        type="button"
                      >
                        <svg
                          class="icon"
                        >
                          share.svg
                        </svg>
                      </button>
                    </div>
                  </div>
                  <div
                    class="container"
                  >
                    <p
                      class="price"
                    >
                      $40
                    </p>
                    <button
                      class="btn"
                      type="button"
                    >
                      Buy Now
                    </button>
                  </div>
                </div>
              </div>
            </div>
            <div
              class="carouselItem"
              style="width: 380px;"
            >
              <div
                class="listItem"
              >
                <div
                  class="thumb"
                >
                  <img
                    alt="White Swan Sofa"
                    src="http://localhost:8080/images/furniture/sofa.jpg"
                    title="White Swan Sofa"
                  />
                </div>
                <div
                  class="content"
                >
                  <div
                    class="textWrapper"
                  >
                    <p
                      class="text"
                    >
                      White Swan Sofa
                    </p>
                    <div
                      class="btnWrapper"
                    >
                      <label
                        class="label"
                      >
                        <input
                          class="checkbox"
                          type="checkbox"
                        />
                        <svg
                          class=""
                        >
                          heart.svg
                        </svg>
                      </label>
                      <button
                        class="btn"
                        type="button"
                      >
                        <svg
                          class="icon"
                        >
                          share.svg
                        </svg>
                      </button>
                    </div>
                  </div>
                  <div
                    class="container"
                  >
                    <p
                      class="price"
                    >
                      $40
                    </p>
                    <button
                      class="btn"
                      type="button"
                    >
                      Buy Now
                    </button>
                  </div>
                </div>
              </div>
            </div>
          </div>
        </div>
        <div
          class="indicators"
        >
          <button
            class="btn"
            disabled=""
          >
            <svg
              class="icon"
            >
              prev.svg
            </svg>
          </button>
          <button
            class="btn"
          >
            <svg
              class="icon"
            >
              next.svg
            </svg>
          </button>
        </div>
      </div>
    </div>
  </div>
</DocumentFragment>
`;
